
> wergu-wetan-app@0.1.0 build
> next build

Γû▓ Next.js 16.1.6 (Turbopack)
- Environments: .env
- Experiments (use with caution):
  ┬╖ serverActions

  Creating an optimized production build ...
Γ£ô Compiled successfully in 4.8s
  Running TypeScript ...
  Collecting page data using 15 workers ...
  Generating static pages using 15 workers (0/9) ...
  Generating static pages using 15 workers (2/9) 
  Generating static pages using 15 workers (4/9) 
  Generating static pages using 15 workers (6/9) 
Γ£ô Generating static pages using 15 workers (9/9) in 369.2ms
  Finalizing page optimization ...

Route (app)
Γöî Γùï /
Γö£ Γùï /_not-found
Γö£ ╞Æ /admin
Γö£ ╞Æ /admin/dashboard
Γö£ ╞Æ /admin/halaman/beranda
Γö£ ╞Æ /admin/halaman/beranda/layanan-icon
Γö£ ╞Æ /admin/halaman/beranda/sambutan
Γö£ ╞Æ /admin/halaman/berita
Γö£ ╞Æ /admin/halaman/berita/daftar
Γö£ ╞Æ /admin/halaman/kontak
Γö£ ╞Æ /admin/halaman/kontak/daftar
Γö£ ╞Æ /admin/halaman/layanan
Γö£ ╞Æ /admin/halaman/layanan/daftar
Γö£ ╞Æ /admin/halaman/potensi-desa
Γö£ ╞Æ /admin/halaman/potensi-desa/daftar
Γö£ ╞Æ /admin/halaman/tentang-kami
Γö£ ╞Æ /admin/halaman/tentang-kami/statistik
Γö£ ╞Æ /admin/halaman/tentang-kami/struktur
Γö£ ╞Æ /admin/halaman/tentang-kami/teks
Γö£ ╞Æ /admin/login
Γö£ ╞Æ /admin/pesan-masuk
Γö£ ╞Æ /admin/settings
Γö£ ╞Æ /api/template/stats
Γö£ ╞Æ /berita
Γö£ ╞Æ /home
Γö£ ╞Æ /kontak
Γö£ ╞Æ /layanan
Γö£ ╞Æ /potensi-desa
Γö£ ╞Æ /potensi-desa/[slug]
Γöö ╞Æ /tentang-kami


Γùï  (Static)   prerendered as static content
╞Æ  (Dynamic)  server-rendered on demand

